// Jest Snapshot v1, https://goo.gl/fbAQLP

exports[`getData Корректное значения 1`] = `
Array [
  "2",
  "3",
  "4",
]
`;
